// Jest Snapshot v1, https://goo.gl/fbAQLP

exports[`Given TileCard component when it is rendered should match the snapshot 1`] = `
<div
  className="test"
  style={
    Object {
      "height": 100,
      "margin": 0,
      "width": 100,
    }
  }
/>
`;
