// Jest Snapshot v1, https://goo.gl/fbAQLP

exports[`given ModalInfo component should match the snapshot 1`] = `
<div
  className="modal-info"
>
  <h3
    className="modal-info__message"
  >
    Example notification
  </h3>
</div>
`;
