// Jest Snapshot v1, https://goo.gl/fbAQLP

exports[`given Board component should match the snapshot 1`] = `
<div
  className="board"
>
  <div
    style={
      Object {
        "width": "100%",
      }
    }
  >
    size: 
    0
  </div>
  <div
    style={
      Object {
        "width": "100%",
      }
    }
  >
    state: 
    initial
  </div>
  <button
    onClick={[Function]}
  >
    next
  </button>
</div>
`;
