// Jest Snapshot v1, https://goo.gl/fbAQLP

exports[`given App component should match the snapshot 1`] = `
<div
  className="app"
>
  <GameContainer />
</div>
`;
