// Jest Snapshot v1, https://goo.gl/fbAQLP

exports[`given Board component should match the snapshot 1`] = `
<div
  className="board"
>
  size: 
  0
</div>
`;
