// Jest Snapshot v1, https://goo.gl/fbAQLP

exports[`Given Spinner component when it is rendered should match the snapshot 1`] = `
<div
  className="loader"
/>
`;
